[debug] [2025-10-22T02:06:48.593Z] ----------------------------------------------------------------------
[debug] [2025-10-22T02:06:48.597Z] Command:       C:\Program Files\nodejs\node.exe C:\Users\gonza\AppData\Roaming\npm\node_modules\firebase-tools\lib\bin\firebase.js deploy
[debug] [2025-10-22T02:06:48.597Z] CLI Version:   14.11.2
[debug] [2025-10-22T02:06:48.597Z] Platform:      win32
[debug] [2025-10-22T02:06:48.597Z] Node Version:  v22.16.0
[debug] [2025-10-22T02:06:48.598Z] Time:          Tue Oct 21 2025 23:06:48 GMT-0300 (hora de verano de Chile)
[debug] [2025-10-22T02:06:48.598Z] ----------------------------------------------------------------------
[debug] 
[debug] [2025-10-22T02:06:48.600Z] >>> [apiv2][query] GET https://firebase-public.firebaseio.com/cli.json [none]
[debug] [2025-10-22T02:06:48.859Z] > command requires scopes: ["email","openid","https://www.googleapis.com/auth/cloudplatformprojects.readonly","https://www.googleapis.com/auth/firebase","https://www.googleapis.com/auth/cloud-platform"]
[debug] [2025-10-22T02:06:48.860Z] > authorizing via signed-in user (gonzalo.lobos.ramirez@gmail.com)
[debug] [2025-10-22T02:06:48.860Z] [iam] checking project expansispro-react for permissions ["firebase.projects.get","firebasehosting.sites.update"]
[debug] [2025-10-22T02:06:48.861Z] Checked if tokens are valid: false, expires at: 1761018597733
[debug] [2025-10-22T02:06:48.861Z] Checked if tokens are valid: false, expires at: 1761018597733
[debug] [2025-10-22T02:06:48.861Z] > refreshing access token with scopes: []
[debug] [2025-10-22T02:06:48.862Z] >>> [apiv2][query] POST https://www.googleapis.com/oauth2/v3/token [none]
[debug] [2025-10-22T02:06:48.862Z] >>> [apiv2][body] POST https://www.googleapis.com/oauth2/v3/token [omitted]
[debug] [2025-10-22T02:06:48.927Z] <<< [apiv2][status] POST https://www.googleapis.com/oauth2/v3/token 200
[debug] [2025-10-22T02:06:48.928Z] <<< [apiv2][body] POST https://www.googleapis.com/oauth2/v3/token [omitted]
[debug] [2025-10-22T02:06:48.938Z] >>> [apiv2][query] POST https://cloudresourcemanager.googleapis.com/v1/projects/expansispro-react:testIamPermissions [none]
[debug] [2025-10-22T02:06:48.938Z] >>> [apiv2][(partial)header] POST https://cloudresourcemanager.googleapis.com/v1/projects/expansispro-react:testIamPermissions x-goog-quota-user=projects/expansispro-react
[debug] [2025-10-22T02:06:48.939Z] >>> [apiv2][body] POST https://cloudresourcemanager.googleapis.com/v1/projects/expansispro-react:testIamPermissions {"permissions":["firebase.projects.get","firebasehosting.sites.update"]}
[debug] [2025-10-22T02:06:49.208Z] <<< [apiv2][status] GET https://firebase-public.firebaseio.com/cli.json 200
[debug] [2025-10-22T02:06:49.209Z] <<< [apiv2][body] GET https://firebase-public.firebaseio.com/cli.json {"cloudBuildErrorAfter":1594252800000,"cloudBuildWarnAfter":1590019200000,"defaultNode10After":1594252800000,"minVersion":"3.0.5","node8DeploysDisabledAfter":1613390400000,"node8RuntimeDisabledAfter":1615809600000,"node8WarnAfter":1600128000000}
[debug] [2025-10-22T02:06:50.165Z] <<< [apiv2][status] POST https://cloudresourcemanager.googleapis.com/v1/projects/expansispro-react:testIamPermissions 200
[debug] [2025-10-22T02:06:50.165Z] <<< [apiv2][body] POST https://cloudresourcemanager.googleapis.com/v1/projects/expansispro-react:testIamPermissions {}
[debug] [2025-10-22T02:06:50.165Z] [iam] error while checking permissions, command may fail: Authorization failed. This account is missing the following required permissions on project expansispro-react:

  firebase.projects.get
  firebasehosting.sites.update
[debug] [2025-10-22T02:06:50.166Z] Checked if tokens are valid: true, expires at: 1761102407928
[debug] [2025-10-22T02:06:50.166Z] Checked if tokens are valid: true, expires at: 1761102407928
[debug] [2025-10-22T02:06:50.166Z] >>> [apiv2][query] GET https://firebase.googleapis.com/v1beta1/projects/expansispro-react [none]
[debug] [2025-10-22T02:06:50.408Z] <<< [apiv2][status] GET https://firebase.googleapis.com/v1beta1/projects/expansispro-react 403
[debug] [2025-10-22T02:06:50.408Z] <<< [apiv2][body] GET https://firebase.googleapis.com/v1beta1/projects/expansispro-react {"error":{"code":403,"message":"The caller does not have permission","status":"PERMISSION_DENIED"}}
[debug] [2025-10-22T02:06:50.409Z] Request to https://firebase.googleapis.com/v1beta1/projects/expansispro-react had HTTP Error: 403, The caller does not have permission
[debug] [2025-10-22T02:06:50.452Z] FirebaseError: Request to https://firebase.googleapis.com/v1beta1/projects/expansispro-react had HTTP Error: 403, The caller does not have permission
    at responseToError (C:\Users\gonza\AppData\Roaming\npm\node_modules\firebase-tools\lib\responseToError.js:52:12)
    at RetryOperation._fn (C:\Users\gonza\AppData\Roaming\npm\node_modules\firebase-tools\lib\apiv2.js:312:77)
    at process.processTicksAndRejections (node:internal/process/task_queues:105:5)
[error] 
[error] Error: Failed to get Firebase project expansispro-react. Please make sure the project exists and your account has permission to access it.
